// Jest Snapshot v1, https://goo.gl/fbAQLP

exports[`Text component renders correctly 1`] = `
<Text
  style={
    [
      {
        "color": "#000",
      },
      undefined,
    ]
  }
>
  Star Wars
</Text>
`;
